// Jest Snapshot v1, https://goo.gl/fbAQLP

exports[`Paging component renders Paging 1`] = `
<div>
  <button
    disabled={9}
    onClick={[Function]}
  >
    ⇦
  </button>
  <pre>
    Page 
    10
     of 
    3
  </pre>
  <button
    disabled={9}
    onClick={[Function]}
  >
    ⇨
  </button>
</div>
`;
