// Jest Snapshot v1, https://goo.gl/fbAQLP

exports[`Releases component renders Releases 1`] = `
<ul>
  <li
    key="1231"
  >
    <Release
      releaseDate="Jan. 31st, 1987"
      releaseId="/path/image"
      releaseTitle="name"
    />
  </li>
  <li
    key="uiiuhh"
  >
    <Release
      releaseDate="5/8/13"
      releaseId="/path/image"
      releaseTitle="someone"
    />
  </li>
</ul>
`;
