// Jest Snapshot v1, https://goo.gl/fbAQLP

exports[`Lyrics component renders Lyrics 1`] = `
<section>
  <h3
    className="lyricsh3"
  >
    Lyrics   for   
    <em>
      title
    </em>
        by  
    werw
  </h3>
  <Nav />
  <pre
    className="lyricspre"
  >
    lyrics
  </pre>
</section>
`;
