// Jest Snapshot v1, https://goo.gl/fbAQLP

exports[`Artists component renders Artists 1`] = `
<ul>
  <li
    key="1231"
  >
    <Artist
      artistDeets="they do stuff"
      artistId="1231"
      artistName="name"
    />
  </li>
  <li
    key="uiiuhh"
  >
    <Artist
      artistDeets="they did stuff too"
      artistId="uiiuhh"
      artistName="someone"
    />
  </li>
</ul>
`;
